21:05:56 **** Incremental Build of configuration Debug for project MaterialGirl ****
make -j8 all 
arm-none-eabi-gcc "../Core/Src/main.c" -mcpu=cortex-m7 -std=gnu11 -g3 -DDEBUG -DARM_MATH_CM7 -DUSE_HAL_DRIVER -DSTM32H723xx -c -I../Core/Inc -I../Drivers/STM32H7xx_HAL_Driver/Inc -I../Drivers/STM32H7xx_HAL_Driver/Inc/Legacy -I../Drivers/CMSIS/Device/ST/STM32H7xx/Include -I../Drivers/CMSIS/Include -I../Drivers/CMSIS/DSP/Include -O0 -ffunction-sections -fdata-sections -Wall -fstack-usage -MMD -MP -MF"Core/Src/main.d" -MT"Core/Src/main.o" --specs=nano.specs -mfpu=fpv5-d16 -mfloat-abi=hard -mthumb -o "Core/Src/main.o"
arm-none-eabi-gcc -o "MaterialGirl.elf" @"objects.list"  -larm_cortexM7lfdp_math -mcpu=cortex-m7 -T"C:\Users\malep\Documents\GTXR\Avionics\MaterialGirl\MaterialGirl\STM32H723ZGTX_FLASH.ld" --specs=nosys.specs -Wl,-Map="MaterialGirl.map" -Wl,--gc-sections -static -L../Drivers/CMSIS/Lib/GCC --specs=nano.specs -mfpu=fpv5-d16 -mfloat-abi=hard -mthumb -Wl,--start-group -lc -lm -Wl,--end-group
Finished building target: MaterialGirl.elf
 
arm-none-eabi-size   MaterialGirl.elf 
arm-none-eabi-objdump -h -S  MaterialGirl.elf  > "MaterialGirl.list"
   text	   data	    bss	    dec	    hex	filename
  22704	    216	   2016	  24936	   6168	MaterialGirl.elf
Finished building: default.size.stdout
 
Finished building: MaterialGirl.list
 

21:05:57 Build Finished. 0 errors, 0 warnings. (took 1s.631ms)

