Archive member included to satisfy reference by file (symbol)

../Drivers/CMSIS/Lib/GCC\libarm_cortexM7lfdp_math.a(arm_mat_inverse_f32.o)
                              ./Core/Src/main.o (arm_mat_inverse_f32)
../Drivers/CMSIS/Lib/GCC\libarm_cortexM7lfdp_math.a(arm_mat_init_f32.o)
                              ./Core/Src/main.o (arm_mat_init_f32)
c:/st/stm32cubeide_1.10.1/stm32cubeide/plugins/com.st.stm32cube.ide.mcu.externaltools.gnu-tools-for-stm32.10.3-2021.10.win32_1.0.0.202111181127/tools/bin/../lib/gcc/arm-none-eabi/10.3.1/../../../../arm-none-eabi/lib/thumb/v7e-m+dp/hard\libc_nano.a(lib_a-errno.o)
                              ./Core/Src/syscalls.o (__errno)
c:/st/stm32cubeide_1.10.1/stm32cubeide/plugins/com.st.stm32cube.ide.mcu.externaltools.gnu-tools-for-stm32.10.3-2021.10.win32_1.0.0.202111181127/tools/bin/../lib/gcc/arm-none-eabi/10.3.1/../../../../arm-none-eabi/lib/thumb/v7e-m+dp/hard\libc_nano.a(lib_a-exit.o)
                              c:/st/stm32cubeide_1.10.1/stm32cubeide/plugins/com.st.stm32cube.ide.mcu.externaltools.gnu-tools-for-stm32.10.3-2021.10.win32_1.0.0.202111181127/tools/bin/../lib/gcc/arm-none-eabi/10.3.1/../../../../arm-none-eabi/lib/thumb/v7e-m+dp/hard/crt0.o (exit)
c:/st/stm32cubeide_1.10.1/stm32cubeide/plugins/com.st.stm32cube.ide.mcu.externaltools.gnu-tools-for-stm32.10.3-2021.10.win32_1.0.0.202111181127/tools/bin/../lib/gcc/arm-none-eabi/10.3.1/../../../../arm-none-eabi/lib/thumb/v7e-m+dp/hard\libc_nano.a(lib_a-impure.o)
                              c:/st/stm32cubeide_1.10.1/stm32cubeide/plugins/com.st.stm32cube.ide.mcu.externaltools.gnu-tools-for-stm32.10.3-2021.10.win32_1.0.0.202111181127/tools/bin/../lib/gcc/arm-none-eabi/10.3.1/../../../../arm-none-eabi/lib/thumb/v7e-m+dp/hard\libc_nano.a(lib_a-exit.o) (_global_impure_ptr)
c:/st/stm32cubeide_1.10.1/stm32cubeide/plugins/com.st.stm32cube.ide.mcu.externaltools.gnu-tools-for-stm32.10.3-2021.10.win32_1.0.0.202111181127/tools/bin/../lib/gcc/arm-none-eabi/10.3.1/../../../../arm-none-eabi/lib/thumb/v7e-m+dp/hard\libc_nano.a(lib_a-init.o)
                              c:/st/stm32cubeide_1.10.1/stm32cubeide/plugins/com.st.stm32cube.ide.mcu.externaltools.gnu-tools-for-stm32.10.3-2021.10.win32_1.0.0.202111181127/tools/bin/../lib/gcc/arm-none-eabi/10.3.1/../../../../arm-none-eabi/lib/thumb/v7e-m+dp/hard/crt0.o (__libc_init_array)
c:/st/stm32cubeide_1.10.1/stm32cubeide/plugins/com.st.stm32cube.ide.mcu.externaltools.gnu-tools-for-stm32.10.3-2021.10.win32_1.0.0.202111181127/tools/bin/../lib/gcc/arm-none-eabi/10.3.1/../../../../arm-none-eabi/lib/thumb/v7e-m+dp/hard\libc_nano.a(lib_a-memset.o)
                              c:/st/stm32cubeide_1.10.1/stm32cubeide/plugins/com.st.stm32cube.ide.mcu.externaltools.gnu-tools-for-stm32.10.3-2021.10.win32_1.0.0.202111181127/tools/bin/../lib/gcc/arm-none-eabi/10.3.1/../../../../arm-none-eabi/lib/thumb/v7e-m+dp/hard/crt0.o (memset)
c:/st/stm32cubeide_1.10.1/stm32cubeide/plugins/com.st.stm32cube.ide.mcu.externaltools.gnu-tools-for-stm32.10.3-2021.10.win32_1.0.0.202111181127/tools/bin/../lib/gcc/arm-none-eabi/10.3.1/thumb/v7e-m+dp/hard\libgcc.a(_aeabi_uldivmod.o)
                              ./Drivers/STM32H7xx_HAL_Driver/Src/stm32h7xx_hal_uart.o (__aeabi_uldivmod)
c:/st/stm32cubeide_1.10.1/stm32cubeide/plugins/com.st.stm32cube.ide.mcu.externaltools.gnu-tools-for-stm32.10.3-2021.10.win32_1.0.0.202111181127/tools/bin/../lib/gcc/arm-none-eabi/10.3.1/thumb/v7e-m+dp/hard\libgcc.a(_udivmoddi4.o)
                              c:/st/stm32cubeide_1.10.1/stm32cubeide/plugins/com.st.stm32cube.ide.mcu.externaltools.gnu-tools-for-stm32.10.3-2021.10.win32_1.0.0.202111181127/tools/bin/../lib/gcc/arm-none-eabi/10.3.1/thumb/v7e-m+dp/hard\libgcc.a(_aeabi_uldivmod.o) (__udivmoddi4)
c:/st/stm32cubeide_1.10.1/stm32cubeide/plugins/com.st.stm32cube.ide.mcu.externaltools.gnu-tools-for-stm32.10.3-2021.10.win32_1.0.0.202111181127/tools/bin/../lib/gcc/arm-none-eabi/10.3.1/thumb/v7e-m+dp/hard\libgcc.a(_dvmd_tls.o)
                              c:/st/stm32cubeide_1.10.1/stm32cubeide/plugins/com.st.stm32cube.ide.mcu.externaltools.gnu-tools-for-stm32.10.3-2021.10.win32_1.0.0.202111181127/tools/bin/../lib/gcc/arm-none-eabi/10.3.1/thumb/v7e-m+dp/hard\libgcc.a(_aeabi_uldivmod.o) (__aeabi_ldiv0)

Discarded input sections

 .text          0x0000000000000000        0x0 c:/st/stm32cubeide_1.10.1/stm32cubeide/plugins/com.st.stm32cube.ide.mcu.externaltools.gnu-tools-for-stm32.10.3-2021.10.win32_1.0.0.202111181127/tools/bin/../lib/gcc/arm-none-eabi/10.3.1/thumb/v7e-m+dp/hard/crti.o
 .data          0x0000000000000000        0x0 c:/st/stm32cubeide_1.10.1/stm32cubeide/plugins/com.st.stm32cube.ide.mcu.externaltools.gnu-tools-for-stm32.10.3-2021.10.win32_1.0.0.202111181127/tools/bin/../lib/gcc/arm-none-eabi/10.3.1/thumb/v7e-m+dp/hard/crti.o
[...]
Memory Configuration

Name             Origin             Length             Attributes
ITCMRAM          0x0000000000000000 0x0000000000010000 xrw
DTCMRAM          0x0000000020000000 0x0000000000020000 xrw
FLASH            0x0000000008000000 0x0000000000100000 xr
RAM_D1           0x0000000024000000 0x0000000000050000 xrw
RAM_D2           0x0000000030000000 0x0000000000008000 xrw
RAM_D3           0x0000000038000000 0x0000000000004000 xrw
*default*        0x0000000000000000 0xffffffffffffffff

Linker script and memory map

LOAD c:/st/stm32cubeide_1.10.1/stm32cubeide/plugins/com.st.stm32cube.ide.mcu.externaltools.gnu-tools-for-stm32.10.3-2021.10.win32_1.0.0.202111181127/tools/bin/../lib/gcc/arm-none-eabi/10.3.1/thumb/v7e-m+dp/hard/crti.o
LOAD c:/st/stm32cubeide_1.10.1/stm32cubeide/plugins/com.st.stm32cube.ide.mcu.externaltools.gnu-tools-for-stm32.10.3-2021.10.win32_1.0.0.202111181127/tools/bin/../lib/gcc/arm-none-eabi/10.3.1/thumb/v7e-m+dp/hard/crtbegin.o
LOAD c:/st/stm32cubeide_1.10.1/stm32cubeide/plugins/com.st.stm32cube.ide.mcu.externaltools.gnu-tools-for-stm32.10.3-2021.10.win32_1.0.0.202111181127/tools/bin/../lib/gcc/arm-none-eabi/10.3.1/../../../../arm-none-eabi/lib/thumb/v7e-m+dp/hard/crt0.o
LOAD ./Core/Src/main.o
LOAD ./Core/Src/stm32h7xx_hal_msp.o
LOAD ./Core/Src/stm32h7xx_it.o
LOAD ./Core/Src/syscalls.o
LOAD ./Core/Src/sysmem.o
LOAD ./Core/Src/system_stm32h7xx.o
LOAD ./Core/Startup/startup_stm32h723zgtx.o
LOAD ./Drivers/STM32H7xx_HAL_Driver/Src/stm32h7xx_hal.o
LOAD ./Drivers/STM32H7xx_HAL_Driver/Src/stm32h7xx_hal_cortex.o
LOAD ./Drivers/STM32H7xx_HAL_Driver/Src/stm32h7xx_hal_dma.o
LOAD ./Drivers/STM32H7xx_HAL_Driver/Src/stm32h7xx_hal_dma_ex.o
LOAD ./Drivers/STM32H7xx_HAL_Driver/Src/stm32h7xx_hal_eth.o
LOAD ./Drivers/STM32H7xx_HAL_Driver/Src/stm32h7xx_hal_eth_ex.o
LOAD ./Drivers/STM32H7xx_HAL_Driver/Src/stm32h7xx_hal_exti.o
LOAD ./Drivers/STM32H7xx_HAL_Driver/Src/stm32h7xx_hal_flash.o
LOAD ./Drivers/STM32H7xx_HAL_Driver/Src/stm32h7xx_hal_flash_ex.o
LOAD ./Drivers/STM32H7xx_HAL_Driver/Src/stm32h7xx_hal_gpio.o
LOAD ./Drivers/STM32H7xx_HAL_Driver/Src/stm32h7xx_hal_hsem.o
LOAD ./Drivers/STM32H7xx_HAL_Driver/Src/stm32h7xx_hal_i2c.o
LOAD ./Drivers/STM32H7xx_HAL_Driver/Src/stm32h7xx_hal_i2c_ex.o
LOAD ./Drivers/STM32H7xx_HAL_Driver/Src/stm32h7xx_hal_mdma.o
LOAD ./Drivers/STM32H7xx_HAL_Driver/Src/stm32h7xx_hal_pwr.o
LOAD ./Drivers/STM32H7xx_HAL_Driver/Src/stm32h7xx_hal_pwr_ex.o
LOAD ./Drivers/STM32H7xx_HAL_Driver/Src/stm32h7xx_hal_rcc.o
LOAD ./Drivers/STM32H7xx_HAL_Driver/Src/stm32h7xx_hal_rcc_ex.o
LOAD ./Drivers/STM32H7xx_HAL_Driver/Src/stm32h7xx_hal_tim.o
LOAD ./Drivers/STM32H7xx_HAL_Driver/Src/stm32h7xx_hal_tim_ex.o
LOAD ./Drivers/STM32H7xx_HAL_Driver/Src/stm32h7xx_hal_uart.o
LOAD ./Drivers/STM32H7xx_HAL_Driver/Src/stm32h7xx_hal_uart_ex.o
LOAD ../Drivers/CMSIS/Lib/GCC\libarm_cortexM7lfdp_math.a
START GROUP
LOAD c:/st/stm32cubeide_1.10.1/stm32cubeide/plugins/com.st.stm32cube.ide.mcu.externaltools.gnu-tools-for-stm32.10.3-2021.10.win32_1.0.0.202111181127/tools/bin/../lib/gcc/arm-none-eabi/10.3.1/../../../../arm-none-eabi/lib/thumb/v7e-m+dp/hard\libc_nano.a
LOAD c:/st/stm32cubeide_1.10.1/stm32cubeide/plugins/com.st.stm32cube.ide.mcu.externaltools.gnu-tools-for-stm32.10.3-2021.10.win32_1.0.0.202111181127/tools/bin/../lib/gcc/arm-none-eabi/10.3.1/../../../../arm-none-eabi/lib/thumb/v7e-m+dp/hard\libm.a
END GROUP
START GROUP
LOAD c:/st/stm32cubeide_1.10.1/stm32cubeide/plugins/com.st.stm32cube.ide.mcu.externaltools.gnu-tools-for-stm32.10.3-2021.10.win32_1.0.0.202111181127/tools/bin/../lib/gcc/arm-none-eabi/10.3.1/thumb/v7e-m+dp/hard\libgcc.a
LOAD c:/st/stm32cubeide_1.10.1/stm32cubeide/plugins/com.st.stm32cube.ide.mcu.externaltools.gnu-tools-for-stm32.10.3-2021.10.win32_1.0.0.202111181127/tools/bin/../lib/gcc/arm-none-eabi/10.3.1/../../../../arm-none-eabi/lib/thumb/v7e-m+dp/hard\libc_nano.a
END GROUP
START GROUP
LOAD c:/st/stm32cubeide_1.10.1/stm32cubeide/plugins/com.st.stm32cube.ide.mcu.externaltools.gnu-tools-for-stm32.10.3-2021.10.win32_1.0.0.202111181127/tools/bin/../lib/gcc/arm-none-eabi/10.3.1/thumb/v7e-m+dp/hard\libgcc.a
LOAD c:/st/stm32cubeide_1.10.1/stm32cubeide/plugins/com.st.stm32cube.ide.mcu.externaltools.gnu-tools-for-stm32.10.3-2021.10.win32_1.0.0.202111181127/tools/bin/../lib/gcc/arm-none-eabi/10.3.1/../../../../arm-none-eabi/lib/thumb/v7e-m+dp/hard\libc_nano.a
LOAD c:/st/stm32cubeide_1.10.1/stm32cubeide/plugins/com.st.stm32cube.ide.mcu.externaltools.gnu-tools-for-stm32.10.3-2021.10.win32_1.0.0.202111181127/tools/bin/../lib/gcc/arm-none-eabi/10.3.1/../../../../arm-none-eabi/lib/thumb/v7e-m+dp/hard\libnosys.a
END GROUP
START GROUP
LOAD c:/st/stm32cubeide_1.10.1/stm32cubeide/plugins/com.st.stm32cube.ide.mcu.externaltools.gnu-tools-for-stm32.10.3-2021.10.win32_1.0.0.202111181127/tools/bin/../lib/gcc/arm-none-eabi/10.3.1/thumb/v7e-m+dp/hard\libgcc.a
LOAD c:/st/stm32cubeide_1.10.1/stm32cubeide/plugins/com.st.stm32cube.ide.mcu.externaltools.gnu-tools-for-stm32.10.3-2021.10.win32_1.0.0.202111181127/tools/bin/../lib/gcc/arm-none-eabi/10.3.1/../../../../arm-none-eabi/lib/thumb/v7e-m+dp/hard\libc_nano.a
LOAD c:/st/stm32cubeide_1.10.1/stm32cubeide/plugins/com.st.stm32cube.ide.mcu.externaltools.gnu-tools-for-stm32.10.3-2021.10.win32_1.0.0.202111181127/tools/bin/../lib/gcc/arm-none-eabi/10.3.1/../../../../arm-none-eabi/lib/thumb/v7e-m+dp/hard\libnosys.a
END GROUP
LOAD c:/st/stm32cubeide_1.10.1/stm32cubeide/plugins/com.st.stm32cube.ide.mcu.externaltools.gnu-tools-for-stm32.10.3-2021.10.win32_1.0.0.202111181127/tools/bin/../lib/gcc/arm-none-eabi/10.3.1/thumb/v7e-m+dp/hard/crtend.o
LOAD c:/st/stm32cubeide_1.10.1/stm32cubeide/plugins/com.st.stm32cube.ide.mcu.externaltools.gnu-tools-for-stm32.10.3-2021.10.win32_1.0.0.202111181127/tools/bin/../lib/gcc/arm-none-eabi/10.3.1/thumb/v7e-m+dp/hard/crtn.o
                0x0000000024050000                _estack = (ORIGIN (RAM_D1) + LENGTH (RAM_D1))
                0x0000000000000200                _Min_Heap_Size = 0x200
                0x0000000000000400                _Min_Stack_Size = 0x400

.isr_vector     0x0000000008000000      0x2cc
                0x0000000008000000                . = ALIGN (0x4)
 *(.isr_vector)
 .isr_vector    0x0000000008000000      0x2cc ./Core/Startup/startup_stm32h723zgtx.o
                0x0000000008000000                g_pfnVectors
                0x00000000080002cc                . = ALIGN (0x4)

.text           0x00000000080002cc     0x5564
                0x00000000080002cc                . = ALIGN (0x4)
 *(.text)
 .text          0x00000000080002cc       0x40 c:/st/stm32cubeide_1.10.1/stm32cubeide/plugins/com.st.stm32cube.ide.mcu.externaltools.gnu-tools-for-stm32.10.3-2021.10.win32_1.0.0.202111181127/tools/bin/../lib/gcc/arm-none-eabi/10.3.1/thumb/v7e-m+dp/hard/crtbegin.o
 .text          0x000000000800030c       0x30 c:/st/stm32cubeide_1.10.1/stm32cubeide/plugins/com.st.stm32cube.ide.mcu.externaltools.gnu-tools-for-stm32.10.3-2021.10.win32_1.0.0.202111181127/tools/bin/../lib/gcc/arm-none-eabi/10.3.1/thumb/v7e-m+dp/hard\libgcc.a(_aeabi_uldivmod.o)
                0x000000000800030c                __aeabi_uldivmod
 .text          0x000000000800033c      0x2d0 c:/st/stm32cubeide_1.10.1/stm32cubeide/plugins/com.st.stm32cube.ide.mcu.externaltools.gnu-tools-for-stm32.10.3-2021.10.win32_1.0.0.202111181127/tools/bin/../lib/gcc/arm-none-eabi/10.3.1/thumb/v7e-m+dp/hard\libgcc.a(_udivmoddi4.o)
                0x000000000800033c                __udivmoddi4
 .text          0x000000000800060c        0x4 c:/st/stm32cubeide_1.10.1/stm32cubeide/plugins/com.st.stm32cube.ide.mcu.externaltools.gnu-tools-for-stm32.10.3-2021.10.win32_1.0.0.202111181127/tools/bin/../lib/gcc/arm-none-eabi/10.3.1/thumb/v7e-m+dp/hard\libgcc.a(_dvmd_tls.o)
                0x000000000800060c                __aeabi_idiv0
                0x000000000800060c                __aeabi_ldiv0
 *(.text*)
 .text.main     0x0000000008000610       0x6c ./Core/Src/main.o
                0x0000000008000610                main
 .text.SystemClock_Config
                0x000000000800067c       0xe0 ./Core/Src/main.o
                0x000000000800067c                SystemClock_Config
 .text.MX_ETH_Init
                0x000000000800075c       0x98 ./Core/Src/main.o
 .text.MX_USART3_UART_Init
                0x00000000080007f4       0x98 ./Core/Src/main.o
 .text.MX_USB_OTG_HS_USB_Init
                0x000000000800088c        0xe ./Core/Src/main.o
 *fill*         0x000000000800089a        0x2 
 .text.MX_GPIO_Init
                0x000000000800089c      0x1f8 ./Core/Src/main.o
 .text.Error_Handler
                0x0000000008000a94        0xa ./Core/Src/main.o
                0x0000000008000a94                Error_Handler
 *fill*         0x0000000008000a9e        0x2 
 .text.HAL_MspInit
                0x0000000008000aa0       0x34 ./Core/Src/stm32h7xx_hal_msp.o
                0x0000000008000aa0                HAL_MspInit
 .text.HAL_ETH_MspInit
                0x0000000008000ad4      0x19c ./Core/Src/stm32h7xx_hal_msp.o
                0x0000000008000ad4                HAL_ETH_MspInit
 .text.HAL_UART_MspInit
                0x0000000008000c70       0xcc ./Core/Src/stm32h7xx_hal_msp.o
                0x0000000008000c70                HAL_UART_MspInit
 .text.NMI_Handler
                0x0000000008000d3c        0x6 ./Core/Src/stm32h7xx_it.o
                0x0000000008000d3c                NMI_Handler
 .text.HardFault_Handler
                0x0000000008000d42        0x6 ./Core/Src/stm32h7xx_it.o
                0x0000000008000d42                HardFault_Handler
 .text.MemManage_Handler
                0x0000000008000d48        0x6 ./Core/Src/stm32h7xx_it.o
                0x0000000008000d48                MemManage_Handler
 .text.BusFault_Handler
                0x0000000008000d4e        0x6 ./Core/Src/stm32h7xx_it.o
                0x0000000008000d4e                BusFault_Handler
 .text.UsageFault_Handler
                0x0000000008000d54        0x6 ./Core/Src/stm32h7xx_it.o
                0x0000000008000d54                UsageFault_Handler
 .text.SVC_Handler
                0x0000000008000d5a        0xe ./Core/Src/stm32h7xx_it.o
                0x0000000008000d5a                SVC_Handler
 .text.DebugMon_Handler
                0x0000000008000d68        0xe ./Core/Src/stm32h7xx_it.o
                0x0000000008000d68                DebugMon_Handler
 .text.PendSV_Handler
                0x0000000008000d76        0xe ./Core/Src/stm32h7xx_it.o
                0x0000000008000d76                PendSV_Handler
 .text.SysTick_Handler
                0x0000000008000d84        0xc ./Core/Src/stm32h7xx_it.o
                0x0000000008000d84                SysTick_Handler
 .text.SystemInit
                0x0000000008000d90       0xf0 ./Core/Src/system_stm32h7xx.o
                0x0000000008000d90                SystemInit
 .text.Reset_Handler
                0x0000000008000e80       0x50 ./Core/Startup/startup_stm32h723zgtx.o
                0x0000000008000e80                Reset_Handler
 .text.Default_Handler
                0x0000000008000ed0        0x2 ./Core/Startup/startup_stm32h723zgtx.o
                0x0000000008000ed0                RTC_Alarm_IRQHandler
                0x0000000008000ed0                EXTI2_IRQHandler
                0x0000000008000ed0                TIM8_CC_IRQHandler
                0x0000000008000ed0                UART8_IRQHandler
                0x0000000008000ed0                SPI4_IRQHandler
                0x0000000008000ed0                FDCAN3_IT0_IRQHandler
                0x0000000008000ed0                TIM1_CC_IRQHandler
                0x0000000008000ed0                BDMA_Channel6_IRQHandler
                0x0000000008000ed0                DMA2_Stream5_IRQHandler
                0x0000000008000ed0                DMA1_Stream5_IRQHandler
                0x0000000008000ed0                CORDIC_IRQHandler
                0x0000000008000ed0                BDMA_Channel1_IRQHandler
                0x0000000008000ed0                TAMP_STAMP_IRQHandler
                0x0000000008000ed0                EXTI3_IRQHandler
                0x0000000008000ed0                LPTIM4_IRQHandler
                0x0000000008000ed0                TIM8_TRG_COM_TIM14_IRQHandler
                0x0000000008000ed0                LPTIM2_IRQHandler
                0x0000000008000ed0                DFSDM1_FLT1_IRQHandler
                0x0000000008000ed0                DMAMUX2_OVR_IRQHandler
                0x0000000008000ed0                TIM8_UP_TIM13_IRQHandler
                0x0000000008000ed0                I2C3_ER_IRQHandler
                0x0000000008000ed0                DFSDM1_FLT2_IRQHandler
                0x0000000008000ed0                I2C5_EV_IRQHandler
                0x0000000008000ed0                USART10_IRQHandler
                0x0000000008000ed0                MDMA_IRQHandler
                0x0000000008000ed0                LPTIM3_IRQHandler
                0x0000000008000ed0                HSEM1_IRQHandler
                0x0000000008000ed0                EXTI0_IRQHandler
                0x0000000008000ed0                I2C2_EV_IRQHandler
                0x0000000008000ed0                DMA1_Stream2_IRQHandler
                0x0000000008000ed0                FPU_IRQHandler
                0x0000000008000ed0                OTG_HS_WKUP_IRQHandler
                0x0000000008000ed0                FDCAN1_IT1_IRQHandler
                0x0000000008000ed0                LTDC_ER_IRQHandler
                0x0000000008000ed0                DMA2_Stream2_IRQHandler
                0x0000000008000ed0                SPI1_IRQHandler
                0x0000000008000ed0                OCTOSPI1_IRQHandler
                0x0000000008000ed0                TIM6_DAC_IRQHandler
                0x0000000008000ed0                DMA2_Stream3_IRQHandler
                0x0000000008000ed0                OCTOSPI2_IRQHandler
                0x0000000008000ed0                DFSDM1_FLT3_IRQHandler
                0x0000000008000ed0                TIM23_IRQHandler
                0x0000000008000ed0                USART6_IRQHandler
                0x0000000008000ed0                TIM17_IRQHandler
                0x0000000008000ed0                USART3_IRQHandler
                0x0000000008000ed0                BDMA_Channel7_IRQHandler
                0x0000000008000ed0                LPTIM5_IRQHandler
                0x0000000008000ed0                UART5_IRQHandler
                0x0000000008000ed0                ADC3_IRQHandler
                0x0000000008000ed0                DMA2_Stream0_IRQHandler
                0x0000000008000ed0                TIM4_IRQHandler
                0x0000000008000ed0                BDMA_Channel2_IRQHandler
                0x0000000008000ed0                I2C1_EV_IRQHandler
                0x0000000008000ed0                DMA1_Stream6_IRQHandler
                0x0000000008000ed0                DMAMUX1_OVR_IRQHandler
                0x0000000008000ed0                DMA1_Stream1_IRQHandler
                0x0000000008000ed0                TIM16_IRQHandler
                0x0000000008000ed0                UART4_IRQHandler
                0x0000000008000ed0                BDMA_Channel5_IRQHandler
                0x0000000008000ed0                TIM3_IRQHandler
                0x0000000008000ed0                RCC_IRQHandler
                0x0000000008000ed0                UART9_IRQHandler
                0x0000000008000ed0                TIM8_BRK_TIM12_IRQHandler
                0x0000000008000ed0                TIM1_TRG_COM_IRQHandler
                0x0000000008000ed0                Default_Handler
                0x0000000008000ed0                ECC_IRQHandler
                0x0000000008000ed0                FMAC_IRQHandler
                0x0000000008000ed0                CEC_IRQHandler
                0x0000000008000ed0                EXTI15_10_IRQHandler
                0x0000000008000ed0                BDMA_Channel0_IRQHandler
                0x0000000008000ed0                ADC_IRQHandler
                0x0000000008000ed0                I2C5_ER_IRQHandler
                0x0000000008000ed0                DMA1_Stream7_IRQHandler
                0x0000000008000ed0                SPI5_IRQHandler
                0x0000000008000ed0                TIM7_IRQHandler
                0x0000000008000ed0                FDCAN3_IT1_IRQHandler
                0x0000000008000ed0                SDMMC1_IRQHandler
                0x0000000008000ed0                TIM5_IRQHandler
                0x0000000008000ed0                DMA2_Stream7_IRQHandler
                0x0000000008000ed0                TIM15_IRQHandler
                0x0000000008000ed0                PVD_AVD_IRQHandler
                0x0000000008000ed0                I2C3_EV_IRQHandler
                0x0000000008000ed0                EXTI9_5_IRQHandler
                0x0000000008000ed0                RTC_WKUP_IRQHandler
                0x0000000008000ed0                LTDC_IRQHandler
                0x0000000008000ed0                ETH_WKUP_IRQHandler
                0x0000000008000ed0                SPDIF_RX_IRQHandler
                0x0000000008000ed0                SPI2_IRQHandler
                0x0000000008000ed0                OTG_HS_EP1_IN_IRQHandler
                0x0000000008000ed0                DMA1_Stream0_IRQHandler
                0x0000000008000ed0                TIM24_IRQHandler
                0x0000000008000ed0                CRS_IRQHandler
                0x0000000008000ed0                EXTI4_IRQHandler
                0x0000000008000ed0                RNG_IRQHandler
                0x0000000008000ed0                FDCAN2_IT1_IRQHandler
                0x0000000008000ed0                ETH_IRQHandler
                0x0000000008000ed0                TIM1_UP_IRQHandler
                0x0000000008000ed0                BDMA_Channel4_IRQHandler
                0x0000000008000ed0                OTG_HS_EP1_OUT_IRQHandler
                0x0000000008000ed0                WWDG_IRQHandler
                0x0000000008000ed0                SPI6_IRQHandler
                0x0000000008000ed0                MDIOS_IRQHandler
                0x0000000008000ed0                I2C4_EV_IRQHandler
                0x0000000008000ed0                FDCAN2_IT0_IRQHandler
                0x0000000008000ed0                LPUART1_IRQHandler
                0x0000000008000ed0                FDCAN1_IT0_IRQHandler
                0x0000000008000ed0                TIM2_IRQHandler
                0x0000000008000ed0                OTG_HS_IRQHandler
                0x0000000008000ed0                DMA2D_IRQHandler
                0x0000000008000ed0                TIM1_BRK_IRQHandler
                0x0000000008000ed0                EXTI1_IRQHandler
                0x0000000008000ed0                SDMMC2_IRQHandler
                0x0000000008000ed0                BDMA_Channel3_IRQHandler
                0x0000000008000ed0                DTS_IRQHandler
                0x0000000008000ed0                UART7_IRQHandler
                0x0000000008000ed0                MDIOS_WKUP_IRQHandler
                0x0000000008000ed0                USART2_IRQHandler
                0x0000000008000ed0                DFSDM1_FLT0_IRQHandler
                0x0000000008000ed0                SAI4_IRQHandler
                0x0000000008000ed0                I2C2_ER_IRQHandler
                0x0000000008000ed0                DMA2_Stream1_IRQHandler
                0x0000000008000ed0                FLASH_IRQHandler
                0x0000000008000ed0                DMA2_Stream4_IRQHandler
                0x0000000008000ed0                USART1_IRQHandler
                0x0000000008000ed0                SPI3_IRQHandler
                0x0000000008000ed0                WAKEUP_PIN_IRQHandler
                0x0000000008000ed0                DMA1_Stream4_IRQHandler
                0x0000000008000ed0                I2C1_ER_IRQHandler
                0x0000000008000ed0                FMC_IRQHandler
                0x0000000008000ed0                FDCAN_CAL_IRQHandler
                0x0000000008000ed0                SWPMI1_IRQHandler
                0x0000000008000ed0                COMP1_IRQHandler
                0x0000000008000ed0                LPTIM1_IRQHandler
                0x0000000008000ed0                DCMI_PSSI_IRQHandler
                0x0000000008000ed0                I2C4_ER_IRQHandler
                0x0000000008000ed0                DMA2_Stream6_IRQHandler
                0x0000000008000ed0                SAI1_IRQHandler
                0x0000000008000ed0                DMA1_Stream3_IRQHandler
 *fill*         0x0000000008000ed2        0x2 
 .text.HAL_Init
                0x0000000008000ed4       0x78 ./Drivers/STM32H7xx_HAL_Driver/Src/stm32h7xx_hal.o
                0x0000000008000ed4                HAL_Init
 .text.HAL_InitTick
                0x0000000008000f4c       0x6c ./Drivers/STM32H7xx_HAL_Driver/Src/stm32h7xx_hal.o
                0x0000000008000f4c                HAL_InitTick
 .text.HAL_IncTick
                0x0000000008000fb8       0x28 ./Drivers/STM32H7xx_HAL_Driver/Src/stm32h7xx_hal.o
                0x0000000008000fb8                HAL_IncTick
 .text.HAL_GetTick
                0x0000000008000fe0       0x18 ./Drivers/STM32H7xx_HAL_Driver/Src/stm32h7xx_hal.o
                0x0000000008000fe0                HAL_GetTick
 .text.HAL_SYSCFG_ETHInterfaceSelect
                0x0000000008000ff8       0x28 ./Drivers/STM32H7xx_HAL_Driver/Src/stm32h7xx_hal.o
                0x0000000008000ff8                HAL_SYSCFG_ETHInterfaceSelect
 .text.__NVIC_SetPriorityGrouping
                0x0000000008001020       0x48 ./Drivers/STM32H7xx_HAL_Driver/Src/stm32h7xx_hal_cortex.o
 .text.__NVIC_GetPriorityGrouping
                0x0000000008001068       0x1c ./Drivers/STM32H7xx_HAL_Driver/Src/stm32h7xx_hal_cortex.o
 .text.__NVIC_SetPriority
                0x0000000008001084       0x54 ./Drivers/STM32H7xx_HAL_Driver/Src/stm32h7xx_hal_cortex.o
 .text.NVIC_EncodePriority
                0x00000000080010d8       0x66 ./Drivers/STM32H7xx_HAL_Driver/Src/stm32h7xx_hal_cortex.o
 *fill*         0x000000000800113e        0x2 
 .text.SysTick_Config
                0x0000000008001140       0x44 ./Drivers/STM32H7xx_HAL_Driver/Src/stm32h7xx_hal_cortex.o
 .text.HAL_NVIC_SetPriorityGrouping
                0x0000000008001184       0x16 ./Drivers/STM32H7xx_HAL_Driver/Src/stm32h7xx_hal_cortex.o
                0x0000000008001184                HAL_NVIC_SetPriorityGrouping
 .text.HAL_NVIC_SetPriority
                0x000000000800119a       0x34 ./Drivers/STM32H7xx_HAL_Driver/Src/stm32h7xx_hal_cortex.o
                0x000000000800119a                HAL_NVIC_SetPriority
 .text.HAL_SYSTICK_Config
                0x00000000080011ce       0x18 ./Drivers/STM32H7xx_HAL_Driver/Src/stm32h7xx_hal_cortex.o
                0x00000000080011ce                HAL_SYSTICK_Config
 *fill*         0x00000000080011e6        0x2 
 .text.HAL_ETH_Init
                0x00000000080011e8      0x1cc ./Drivers/STM32H7xx_HAL_Driver/Src/stm32h7xx_hal_eth.o
                0x00000000080011e8                HAL_ETH_Init
 .text.HAL_ETH_SetMDIOClockRange
                0x00000000080013b4       0xb0 ./Drivers/STM32H7xx_HAL_Driver/Src/stm32h7xx_hal_eth.o
                0x00000000080013b4                HAL_ETH_SetMDIOClockRange
 .text.ETH_SetMACConfig
                0x0000000008001464      0x238 ./Drivers/STM32H7xx_HAL_Driver/Src/stm32h7xx_hal_eth.o
 .text.ETH_SetDMAConfig
                0x000000000800169c      0x10c ./Drivers/STM32H7xx_HAL_Driver/Src/stm32h7xx_hal_eth.o
 .text.ETH_MACDMAConfig
                0x00000000080017a8      0x13a ./Drivers/STM32H7xx_HAL_Driver/Src/stm32h7xx_hal_eth.o
 .text.ETH_DMATxDescListInit
                0x00000000080018e2       0x92 ./Drivers/STM32H7xx_HAL_Driver/Src/stm32h7xx_hal_eth.o
 .text.ETH_DMARxDescListInit
                0x0000000008001974       0xba ./Drivers/STM32H7xx_HAL_Driver/Src/stm32h7xx_hal_eth.o
 *fill*         0x0000000008001a2e        0x2 
 .text.HAL_GPIO_Init
                0x0000000008001a30      0x350 ./Drivers/STM32H7xx_HAL_Driver/Src/stm32h7xx_hal_gpio.o
                0x0000000008001a30                HAL_GPIO_Init
 .text.HAL_GPIO_WritePin
                0x0000000008001d80       0x32 ./Drivers/STM32H7xx_HAL_Driver/Src/stm32h7xx_hal_gpio.o
                0x0000000008001d80                HAL_GPIO_WritePin
 *fill*         0x0000000008001db2        0x2 
 .text.HAL_PWREx_ConfigSupply
                0x0000000008001db4       0x74 ./Drivers/STM32H7xx_HAL_Driver/Src/stm32h7xx_hal_pwr_ex.o
                0x0000000008001db4                HAL_PWREx_ConfigSupply
 .text.HAL_RCC_OscConfig
                0x0000000008001e28      0x75c ./Drivers/STM32H7xx_HAL_Driver/Src/stm32h7xx_hal_rcc.o
                0x0000000008001e28                HAL_RCC_OscConfig
 .text.HAL_RCC_ClockConfig
                0x0000000008002584      0x36c ./Drivers/STM32H7xx_HAL_Driver/Src/stm32h7xx_hal_rcc.o
                0x0000000008002584                HAL_RCC_ClockConfig
 .text.HAL_RCC_GetSysClockFreq
                0x00000000080028f0      0x2f4 ./Drivers/STM32H7xx_HAL_Driver/Src/stm32h7xx_hal_rcc.o
                0x00000000080028f0                HAL_RCC_GetSysClockFreq
 .text.HAL_RCC_GetHCLKFreq
                0x0000000008002be4       0x60 ./Drivers/STM32H7xx_HAL_Driver/Src/stm32h7xx_hal_rcc.o
                0x0000000008002be4                HAL_RCC_GetHCLKFreq
 .text.HAL_RCC_GetPCLK1Freq
                0x0000000008002c44       0x2c ./Drivers/STM32H7xx_HAL_Driver/Src/stm32h7xx_hal_rcc.o
                0x0000000008002c44                HAL_RCC_GetPCLK1Freq
 .text.HAL_RCC_GetPCLK2Freq
                0x0000000008002c70       0x2c ./Drivers/STM32H7xx_HAL_Driver/Src/stm32h7xx_hal_rcc.o
                0x0000000008002c70                HAL_RCC_GetPCLK2Freq
 .text.HAL_RCCEx_PeriphCLKConfig
                0x0000000008002c9c      0xdf4 ./Drivers/STM32H7xx_HAL_Driver/Src/stm32h7xx_hal_rcc_ex.o
                0x0000000008002c9c                HAL_RCCEx_PeriphCLKConfig
 .text.HAL_RCCEx_GetD3PCLK1Freq
                0x0000000008003a90       0x2c ./Drivers/STM32H7xx_HAL_Driver/Src/stm32h7xx_hal_rcc_ex.o
                0x0000000008003a90                HAL_RCCEx_GetD3PCLK1Freq
 .text.HAL_RCCEx_GetPLL2ClockFreq
                0x0000000008003abc      0x2a8 ./Drivers/STM32H7xx_HAL_Driver/Src/stm32h7xx_hal_rcc_ex.o
                0x0000000008003abc                HAL_RCCEx_GetPLL2ClockFreq
 .text.HAL_RCCEx_GetPLL3ClockFreq
                0x0000000008003d64      0x2a8 ./Drivers/STM32H7xx_HAL_Driver/Src/stm32h7xx_hal_rcc_ex.o
                0x0000000008003d64                HAL_RCCEx_GetPLL3ClockFreq
 .text.RCCEx_PLL2_Config
                0x000000000800400c      0x164 ./Drivers/STM32H7xx_HAL_Driver/Src/stm32h7xx_hal_rcc_ex.o
 .text.RCCEx_PLL3_Config
                0x0000000008004170      0x164 ./Drivers/STM32H7xx_HAL_Driver/Src/stm32h7xx_hal_rcc_ex.o
 .text.HAL_UART_Init
                0x00000000080042d4       0xa0 ./Drivers/STM32H7xx_HAL_Driver/Src/stm32h7xx_hal_uart.o
                0x00000000080042d4                HAL_UART_Init
 .text.UART_SetConfig
                0x0000000008004374      0xcd8 ./Drivers/STM32H7xx_HAL_Driver/Src/stm32h7xx_hal_uart.o
                0x0000000008004374                UART_SetConfig
 .text.UART_AdvFeatureConfig
                0x000000000800504c      0x144 ./Drivers/STM32H7xx_HAL_Driver/Src/stm32h7xx_hal_uart.o
                0x000000000800504c                UART_AdvFeatureConfig
 .text.UART_CheckIdleState
                0x0000000008005190       0x96 ./Drivers/STM32H7xx_HAL_Driver/Src/stm32h7xx_hal_uart.o
                0x0000000008005190                UART_CheckIdleState
 .text.UART_WaitOnFlagUntilTimeout
                0x0000000008005226      0x190 ./Drivers/STM32H7xx_HAL_Driver/Src/stm32h7xx_hal_uart.o
                0x0000000008005226                UART_WaitOnFlagUntilTimeout
 .text.HAL_UARTEx_DisableFifoMode
                0x00000000080053b6       0x72 ./Drivers/STM32H7xx_HAL_Driver/Src/stm32h7xx_hal_uart_ex.o
                0x00000000080053b6                HAL_UARTEx_DisableFifoMode
 .text.HAL_UARTEx_SetTxFifoThreshold
                0x0000000008005428       0x7c ./Drivers/STM32H7xx_HAL_Driver/Src/stm32h7xx_hal_uart_ex.o
                0x0000000008005428                HAL_UARTEx_SetTxFifoThreshold
 .text.HAL_UARTEx_SetRxFifoThreshold
                0x00000000080054a4       0x7c ./Drivers/STM32H7xx_HAL_Driver/Src/stm32h7xx_hal_uart_ex.o
                0x00000000080054a4                HAL_UARTEx_SetRxFifoThreshold
 .text.UARTEx_SetNbDataToProcess
                0x0000000008005520       0x9c ./Drivers/STM32H7xx_HAL_Driver/Src/stm32h7xx_hal_uart_ex.o
 .text.arm_mat_inverse_f32
                0x00000000080055bc      0x1fc ../Drivers/CMSIS/Lib/GCC\libarm_cortexM7lfdp_math.a(arm_mat_inverse_f32.o)
                0x00000000080055bc                arm_mat_inverse_f32
 .text.arm_mat_init_f32
                0x00000000080057b8        0x8 ../Drivers/CMSIS/Lib/GCC\libarm_cortexM7lfdp_math.a(arm_mat_init_f32.o)
                0x00000000080057b8                arm_mat_init_f32
 .text.__libc_init_array
                0x00000000080057c0       0x48 c:/st/stm32cubeide_1.10.1/stm32cubeide/plugins/com.st.stm32cube.ide.mcu.externaltools.gnu-tools-for-stm32.10.3-2021.10.win32_1.0.0.202111181127/tools/bin/../lib/gcc/arm-none-eabi/10.3.1/../../../../arm-none-eabi/lib/thumb/v7e-m+dp/hard\libc_nano.a(lib_a-init.o)
                0x00000000080057c0                __libc_init_array
 .text.memset   0x0000000008005808       0x10 c:/st/stm32cubeide_1.10.1/stm32cubeide/plugins/com.st.stm32cube.ide.mcu.externaltools.gnu-tools-for-stm32.10.3-2021.10.win32_1.0.0.202111181127/tools/bin/../lib/gcc/arm-none-eabi/10.3.1/../../../../arm-none-eabi/lib/thumb/v7e-m+dp/hard\libc_nano.a(lib_a-memset.o)
                0x0000000008005808                memset
 *(.glue_7)
 .glue_7        0x0000000008005818        0x0 linker stubs
 *(.glue_7t)
 .glue_7t       0x0000000008005818        0x0 linker stubs
 *(.eh_frame)
 .eh_frame      0x0000000008005818        0x0 c:/st/stm32cubeide_1.10.1/stm32cubeide/plugins/com.st.stm32cube.ide.mcu.externaltools.gnu-tools-for-stm32.10.3-2021.10.win32_1.0.0.202111181127/tools/bin/../lib/gcc/arm-none-eabi/10.3.1/thumb/v7e-m+dp/hard/crtbegin.o
 *(.init)
 .init          0x0000000008005818        0x4 c:/st/stm32cubeide_1.10.1/stm32cubeide/plugins/com.st.stm32cube.ide.mcu.externaltools.gnu-tools-for-stm32.10.3-2021.10.win32_1.0.0.202111181127/tools/bin/../lib/gcc/arm-none-eabi/10.3.1/thumb/v7e-m+dp/hard/crti.o
                0x0000000008005818                _init
 .init          0x000000000800581c        0x8 c:/st/stm32cubeide_1.10.1/stm32cubeide/plugins/com.st.stm32cube.ide.mcu.externaltools.gnu-tools-for-stm32.10.3-2021.10.win32_1.0.0.202111181127/tools/bin/../lib/gcc/arm-none-eabi/10.3.1/thumb/v7e-m+dp/hard/crtn.o
 *(.fini)
 .fini          0x0000000008005824        0x4 c:/st/stm32cubeide_1.10.1/stm32cubeide/plugins/com.st.stm32cube.ide.mcu.externaltools.gnu-tools-for-stm32.10.3-2021.10.win32_1.0.0.202111181127/tools/bin/../lib/gcc/arm-none-eabi/10.3.1/thumb/v7e-m+dp/hard/crti.o
                0x0000000008005824                _fini
 .fini          0x0000000008005828        0x8 c:/st/stm32cubeide_1.10.1/stm32cubeide/plugins/com.st.stm32cube.ide.mcu.externaltools.gnu-tools-for-stm32.10.3-2021.10.win32_1.0.0.202111181127/tools/bin/../lib/gcc/arm-none-eabi/10.3.1/thumb/v7e-m+dp/hard/crtn.o
                0x0000000008005830                . = ALIGN (0x4)
                0x0000000008005830                _etext = .

.vfp11_veneer   0x0000000008005830        0x0
 .vfp11_veneer  0x0000000008005830        0x0 linker stubs

.v4_bx          0x0000000008005830        0x0
 .v4_bx         0x0000000008005830        0x0 linker stubs

.iplt           0x0000000008005830        0x0
 .iplt          0x0000000008005830        0x0 c:/st/stm32cubeide_1.10.1/stm32cubeide/plugins/com.st.stm32cube.ide.mcu.externaltools.gnu-tools-for-stm32.10.3-2021.10.win32_1.0.0.202111181127/tools/bin/../lib/gcc/arm-none-eabi/10.3.1/thumb/v7e-m+dp/hard/crtbegin.o

.rodata         0x0000000008005830       0x78
                0x0000000008005830                . = ALIGN (0x4)
 *(.rodata)
 *(.rodata*)
 .rodata.A_f32  0x0000000008005830       0x40 ./Core/Src/main.o
                0x0000000008005830                A_f32
 .rodata.D1CorePrescTable
                0x0000000008005870       0x10 ./Core/Src/system_stm32h7xx.o
                0x0000000008005870                D1CorePrescTable
 .rodata.UARTPrescTable
                0x0000000008005880       0x18 ./Drivers/STM32H7xx_HAL_Driver/Src/stm32h7xx_hal_uart.o
                0x0000000008005880                UARTPrescTable
 .rodata.numerator.1
                0x0000000008005898        0x8 ./Drivers/STM32H7xx_HAL_Driver/Src/stm32h7xx_hal_uart_ex.o
 .rodata.denominator.0
                0x00000000080058a0        0x8 ./Drivers/STM32H7xx_HAL_Driver/Src/stm32h7xx_hal_uart_ex.o
                0x00000000080058a8                . = ALIGN (0x4)

.ARM.extab
 *(.ARM.extab* .gnu.linkonce.armextab.*)

.ARM            0x00000000080058a8        0x8
                0x00000000080058a8                __exidx_start = .
 *(.ARM.exidx*)
 .ARM.exidx     0x00000000080058a8        0x8 c:/st/stm32cubeide_1.10.1/stm32cubeide/plugins/com.st.stm32cube.ide.mcu.externaltools.gnu-tools-for-stm32.10.3-2021.10.win32_1.0.0.202111181127/tools/bin/../lib/gcc/arm-none-eabi/10.3.1/thumb/v7e-m+dp/hard\libgcc.a(_udivmoddi4.o)
                0x00000000080058b0                __exidx_end = .

.rel.dyn        0x00000000080058b0        0x0
 .rel.iplt      0x00000000080058b0        0x0 c:/st/stm32cubeide_1.10.1/stm32cubeide/plugins/com.st.stm32cube.ide.mcu.externaltools.gnu-tools-for-stm32.10.3-2021.10.win32_1.0.0.202111181127/tools/bin/../lib/gcc/arm-none-eabi/10.3.1/thumb/v7e-m+dp/hard/crtbegin.o

.preinit_array  0x00000000080058b0        0x0
                0x00000000080058b0                PROVIDE (__preinit_array_start = .)
 *(.preinit_array*)
                0x00000000080058b0                PROVIDE (__preinit_array_end = .)

.init_array     0x00000000080058b0        0x4
                0x00000000080058b0                PROVIDE (__init_array_start = .)
 *(SORT_BY_NAME(.init_array.*))
 *(.init_array*)
 .init_array    0x00000000080058b0        0x4 c:/st/stm32cubeide_1.10.1/stm32cubeide/plugins/com.st.stm32cube.ide.mcu.externaltools.gnu-tools-for-stm32.10.3-2021.10.win32_1.0.0.202111181127/tools/bin/../lib/gcc/arm-none-eabi/10.3.1/thumb/v7e-m+dp/hard/crtbegin.o
                0x00000000080058b4                PROVIDE (__init_array_end = .)

.fini_array     0x00000000080058b4        0x4
                [!provide]                        PROVIDE (__fini_array_start = .)
 *(SORT_BY_NAME(.fini_array.*))
 *(.fini_array*)
 .fini_array    0x00000000080058b4        0x4 c:/st/stm32cubeide_1.10.1/stm32cubeide/plugins/com.st.stm32cube.ide.mcu.externaltools.gnu-tools-for-stm32.10.3-2021.10.win32_1.0.0.202111181127/tools/bin/../lib/gcc/arm-none-eabi/10.3.1/thumb/v7e-m+dp/hard/crtbegin.o
                [!provide]                        PROVIDE (__fini_array_end = .)
                0x00000000080058b8                _sidata = LOADADDR (.data)

.data           0x0000000024000000       0x10 load address 0x00000000080058b8
                0x0000000024000000                . = ALIGN (0x4)
                0x0000000024000000                _sdata = .
 *(.data)
 *(.data*)
 .data.SystemCoreClock
                0x0000000024000000        0x4 ./Core/Src/system_stm32h7xx.o
                0x0000000024000000                SystemCoreClock
 .data.SystemD2Clock
                0x0000000024000004        0x4 ./Core/Src/system_stm32h7xx.o
                0x0000000024000004                SystemD2Clock
 .data.uwTickPrio
                0x0000000024000008        0x4 ./Drivers/STM32H7xx_HAL_Driver/Src/stm32h7xx_hal.o
                0x0000000024000008                uwTickPrio
 .data.uwTickFreq
                0x000000002400000c        0x1 ./Drivers/STM32H7xx_HAL_Driver/Src/stm32h7xx_hal.o
                0x000000002400000c                uwTickFreq
 *(.RamFunc)
 *(.RamFunc*)
                0x0000000024000010                . = ALIGN (0x4)
 *fill*         0x000000002400000d        0x3 
                0x0000000024000010                _edata = .

.igot.plt       0x0000000024000010        0x0 load address 0x00000000080058c8
 .igot.plt      0x0000000024000010        0x0 c:/st/stm32cubeide_1.10.1/stm32cubeide/plugins/com.st.stm32cube.ide.mcu.externaltools.gnu-tools-for-stm32.10.3-2021.10.win32_1.0.0.202111181127/tools/bin/../lib/gcc/arm-none-eabi/10.3.1/thumb/v7e-m+dp/hard/crtbegin.o

.RxDecripSection
                0x0000000024000010       0x60 load address 0x00000000080058c8
 .RxDecripSection
                0x0000000024000010       0x60 ./Core/Src/main.o
                0x0000000024000010                DMARxDscrTab

.TxDecripSection
                0x0000000024000070       0x60 load address 0x0000000008005928
 .TxDecripSection
                0x0000000024000070       0x60 ./Core/Src/main.o
                0x0000000024000070                DMATxDscrTab
                0x00000000240000d0                . = ALIGN (0x4)

.bss            0x00000000240000d0      0x1e0 load address 0x0000000008005988
                0x00000000240000d0                _sbss = .
                0x00000000240000d0                __bss_start__ = _sbss
 *(.bss)
 .bss           0x00000000240000d0       0x1c c:/st/stm32cubeide_1.10.1/stm32cubeide/plugins/com.st.stm32cube.ide.mcu.externaltools.gnu-tools-for-stm32.10.3-2021.10.win32_1.0.0.202111181127/tools/bin/../lib/gcc/arm-none-eabi/10.3.1/thumb/v7e-m+dp/hard/crtbegin.o
 *(.bss*)
 .bss.TxConfig  0x00000000240000ec       0x38 ./Core/Src/main.o
                0x00000000240000ec                TxConfig
 .bss.heth      0x0000000024000124       0xb0 ./Core/Src/main.o
                0x0000000024000124                heth
 .bss.huart3    0x00000000240001d4       0x90 ./Core/Src/main.o
                0x00000000240001d4                huart3
 .bss.AI_f32    0x0000000024000264       0x40 ./Core/Src/main.o
                0x0000000024000264                AI_f32
 .bss.MACAddr.0
                0x00000000240002a4        0x6 ./Core/Src/main.o
 *fill*         0x00000000240002aa        0x2 
 .bss.uwTick    0x00000000240002ac        0x4 ./Drivers/STM32H7xx_HAL_Driver/Src/stm32h7xx_hal.o
                0x00000000240002ac                uwTick
 *(COMMON)
                0x00000000240002b0                . = ALIGN (0x4)
                0x00000000240002b0                _ebss = .
                0x00000000240002b0                __bss_end__ = _ebss

._user_heap_stack
                0x00000000240002b0      0x600 load address 0x0000000008005988
                0x00000000240002b0                . = ALIGN (0x8)
                [!provide]                        PROVIDE (end = .)
                0x00000000240002b0                PROVIDE (_end = .)
                0x00000000240004b0                . = (. + _Min_Heap_Size)
 *fill*         0x00000000240002b0      0x200 
                0x00000000240008b0                . = (. + _Min_Stack_Size)
 *fill*         0x00000000240004b0      0x400 
                0x00000000240008b0                . = ALIGN (0x8)

/DISCARD/
 libc.a(*)
 libm.a(*)
 libgcc.a(*)

.ARM.attributes
                0x0000000000000000       0x2e
 *(.ARM.attributes)
 .ARM.attributes
                0x0000000000000000       0x1e c:/st/stm32cubeide_1.10.1/stm32cubeide/plugins/com.st.stm32cube.ide.mcu.externaltools.gnu-tools-for-stm32.10.3-2021.10.win32_1.0.0.202111181127/tools/bin/../lib/gcc/arm-none-eabi/10.3.1/thumb/v7e-m+dp/hard/crti.o
 .ARM.attributes
                0x000000000000001e       0x32 c:/st/stm32cubeide_1.10.1/stm32cubeide/plugins/com.st.stm32cube.ide.mcu.externaltools.gnu-tools-for-stm32.10.3-2021.10.win32_1.0.0.202111181127/tools/bin/../lib/gcc/arm-none-eabi/10.3.1/thumb/v7e-m+dp/hard/crtbegin.o
 .ARM.attributes
                0x0000000000000050       0x32 ./Core/Src/main.o
 .ARM.attributes
                0x0000000000000082       0x32 ./Core/Src/stm32h7xx_hal_msp.o
 .ARM.attributes
                0x00000000000000b4       0x32 ./Core/Src/stm32h7xx_it.o
 .ARM.attributes
                0x00000000000000e6       0x32 ./Core/Src/system_stm32h7xx.o
 .ARM.attributes
                0x0000000000000118       0x21 ./Core/Startup/startup_stm32h723zgtx.o
 .ARM.attributes
                0x0000000000000139       0x32 ./Drivers/STM32H7xx_HAL_Driver/Src/stm32h7xx_hal.o
 .ARM.attributes
                0x000000000000016b       0x32 ./Drivers/STM32H7xx_HAL_Driver/Src/stm32h7xx_hal_cortex.o
 .ARM.attributes
                0x000000000000019d       0x32 ./Drivers/STM32H7xx_HAL_Driver/Src/stm32h7xx_hal_eth.o
 .ARM.attributes
                0x00000000000001cf       0x32 ./Drivers/STM32H7xx_HAL_Driver/Src/stm32h7xx_hal_gpio.o
 .ARM.attributes
                0x0000000000000201       0x32 ./Drivers/STM32H7xx_HAL_Driver/Src/stm32h7xx_hal_pwr_ex.o
 .ARM.attributes
                0x0000000000000233       0x32 ./Drivers/STM32H7xx_HAL_Driver/Src/stm32h7xx_hal_rcc.o
 .ARM.attributes
                0x0000000000000265       0x32 ./Drivers/STM32H7xx_HAL_Driver/Src/stm32h7xx_hal_rcc_ex.o
 .ARM.attributes
                0x0000000000000297       0x32 ./Drivers/STM32H7xx_HAL_Driver/Src/stm32h7xx_hal_uart.o
 .ARM.attributes
                0x00000000000002c9       0x32 ./Drivers/STM32H7xx_HAL_Driver/Src/stm32h7xx_hal_uart_ex.o
 .ARM.attributes
                0x00000000000002fb       0x32 ../Drivers/CMSIS/Lib/GCC\libarm_cortexM7lfdp_math.a(arm_mat_inverse_f32.o)
 .ARM.attributes
                0x000000000000032d       0x32 ../Drivers/CMSIS/Lib/GCC\libarm_cortexM7lfdp_math.a(arm_mat_init_f32.o)
 .ARM.attributes
                0x000000000000035f       0x32 c:/st/stm32cubeide_1.10.1/stm32cubeide/plugins/com.st.stm32cube.ide.mcu.externaltools.gnu-tools-for-stm32.10.3-2021.10.win32_1.0.0.202111181127/tools/bin/../lib/gcc/arm-none-eabi/10.3.1/../../../../arm-none-eabi/lib/thumb/v7e-m+dp/hard\libc_nano.a(lib_a-init.o)
 .ARM.attributes
                0x0000000000000391       0x32 c:/st/stm32cubeide_1.10.1/stm32cubeide/plugins/com.st.stm32cube.ide.mcu.externaltools.gnu-tools-for-stm32.10.3-2021.10.win32_1.0.0.202111181127/tools/bin/../lib/gcc/arm-none-eabi/10.3.1/../../../../arm-none-eabi/lib/thumb/v7e-m+dp/hard\libc_nano.a(lib_a-memset.o)
 .ARM.attributes
                0x00000000000003c3       0x1e c:/st/stm32cubeide_1.10.1/stm32cubeide/plugins/com.st.stm32cube.ide.mcu.externaltools.gnu-tools-for-stm32.10.3-2021.10.win32_1.0.0.202111181127/tools/bin/../lib/gcc/arm-none-eabi/10.3.1/thumb/v7e-m+dp/hard\libgcc.a(_aeabi_uldivmod.o)
 .ARM.attributes
                0x00000000000003e1       0x32 c:/st/stm32cubeide_1.10.1/stm32cubeide/plugins/com.st.stm32cube.ide.mcu.externaltools.gnu-tools-for-stm32.10.3-2021.10.win32_1.0.0.202111181127/tools/bin/../lib/gcc/arm-none-eabi/10.3.1/thumb/v7e-m+dp/hard\libgcc.a(_udivmoddi4.o)
 .ARM.attributes
                0x0000000000000413       0x1e c:/st/stm32cubeide_1.10.1/stm32cubeide/plugins/com.st.stm32cube.ide.mcu.externaltools.gnu-tools-for-stm32.10.3-2021.10.win32_1.0.0.202111181127/tools/bin/../lib/gcc/arm-none-eabi/10.3.1/thumb/v7e-m+dp/hard\libgcc.a(_dvmd_tls.o)
 .ARM.attributes
                0x0000000000000431       0x1e c:/st/stm32cubeide_1.10.1/stm32cubeide/plugins/com.st.stm32cube.ide.mcu.externaltools.gnu-tools-for-stm32.10.3-2021.10.win32_1.0.0.202111181127/tools/bin/../lib/gcc/arm-none-eabi/10.3.1/thumb/v7e-m+dp/hard/crtn.o
OUTPUT(MaterialGirl.elf elf32-littlearm)
LOAD linker stubs
LOAD c:/st/stm32cubeide_1.10.1/stm32cubeide/plugins/com.st.stm32cube.ide.mcu.externaltools.gnu-tools-for-stm32.10.3-2021.10.win32_1.0.0.202111181127/tools/bin/../lib/gcc/arm-none-eabi/10.3.1/../../../../arm-none-eabi/lib/thumb/v7e-m+dp/hard\libc.a
LOAD c:/st/stm32cubeide_1.10.1/stm32cubeide/plugins/com.st.stm32cube.ide.mcu.externaltools.gnu-tools-for-stm32.10.3-2021.10.win32_1.0.0.202111181127/tools/bin/../lib/gcc/arm-none-eabi/10.3.1/../../../../arm-none-eabi/lib/thumb/v7e-m+dp/hard\libm.a
LOAD c:/st/stm32cubeide_1.10.1/stm32cubeide/plugins/com.st.stm32cube.ide.mcu.externaltools.gnu-tools-for-stm32.10.3-2021.10.win32_1.0.0.202111181127/tools/bin/../lib/gcc/arm-none-eabi/10.3.1/thumb/v7e-m+dp/hard\libgcc.a

.debug_info     0x0000000000000000    0x155f5
 .debug_info    0x0000000000000000     0x23d9 ./Core/Src/main.o
 .debug_info    0x00000000000023d9     0x202e ./Core/Src/stm32h7xx_hal_msp.o
 .debug_info    0x0000000000004407      0x137 ./Core/Src/stm32h7xx_it.o
 .debug_info    0x000000000000453e      0xb45 ./Core/Src/system_stm32h7xx.o
 .debug_info    0x0000000000005083       0x22 ./Core/Startup/startup_stm32h723zgtx.o
 .debug_info    0x00000000000050a5     0x1746 ./Drivers/STM32H7xx_HAL_Driver/Src/stm32h7xx_hal.o
 .debug_info    0x00000000000067eb     0x1161 ./Drivers/STM32H7xx_HAL_Driver/Src/stm32h7xx_hal_cortex.o
 .debug_info    0x000000000000794c     0x2b44 ./Drivers/STM32H7xx_HAL_Driver/Src/stm32h7xx_hal_eth.o
 .debug_info    0x000000000000a490      0xd37 ./Drivers/STM32H7xx_HAL_Driver/Src/stm32h7xx_hal_gpio.o
 .debug_info    0x000000000000b1c7      0xe71 ./Drivers/STM32H7xx_HAL_Driver/Src/stm32h7xx_hal_pwr_ex.o
 .debug_info    0x000000000000c038      0xe4a ./Drivers/STM32H7xx_HAL_Driver/Src/stm32h7xx_hal_rcc.o
 .debug_info    0x000000000000ce82     0x1299 ./Drivers/STM32H7xx_HAL_Driver/Src/stm32h7xx_hal_rcc_ex.o
 .debug_info    0x000000000000e11b     0x4c42 ./Drivers/STM32H7xx_HAL_Driver/Src/stm32h7xx_hal_uart.o
 .debug_info    0x0000000000012d5d     0x100b ./Drivers/STM32H7xx_HAL_Driver/Src/stm32h7xx_hal_uart_ex.o
 .debug_info    0x0000000000013d68      0xd81 ../Drivers/CMSIS/Lib/GCC\libarm_cortexM7lfdp_math.a(arm_mat_inverse_f32.o)
 .debug_info    0x0000000000014ae9      0xb0c ../Drivers/CMSIS/Lib/GCC\libarm_cortexM7lfdp_math.a(arm_mat_init_f32.o)

.debug_abbrev   0x0000000000000000     0x22dc
 .debug_abbrev  0x0000000000000000      0x2f9 ./Core/Src/main.o
 .debug_abbrev  0x00000000000002f9      0x20d ./Core/Src/stm32h7xx_hal_msp.o
 .debug_abbrev  0x0000000000000506       0x74 ./Core/Src/stm32h7xx_it.o
 .debug_abbrev  0x000000000000057a      0x136 ./Core/Src/system_stm32h7xx.o
 .debug_abbrev  0x00000000000006b0       0x12 ./Core/Startup/startup_stm32h723zgtx.o
 .debug_abbrev  0x00000000000006c2      0x292 ./Drivers/STM32H7xx_HAL_Driver/Src/stm32h7xx_hal.o
 .debug_abbrev  0x0000000000000954      0x329 ./Drivers/STM32H7xx_HAL_Driver/Src/stm32h7xx_hal_cortex.o
 .debug_abbrev  0x0000000000000c7d      0x2bd ./Drivers/STM32H7xx_HAL_Driver/Src/stm32h7xx_hal_eth.o
 .debug_abbrev  0x0000000000000f3a      0x1ec ./Drivers/STM32H7xx_HAL_Driver/Src/stm32h7xx_hal_gpio.o
 .debug_abbrev  0x0000000000001126      0x27e ./Drivers/STM32H7xx_HAL_Driver/Src/stm32h7xx_hal_pwr_ex.o
 .debug_abbrev  0x00000000000013a4      0x2a7 ./Drivers/STM32H7xx_HAL_Driver/Src/stm32h7xx_hal_rcc.o
 .debug_abbrev  0x000000000000164b      0x25c ./Drivers/STM32H7xx_HAL_Driver/Src/stm32h7xx_hal_rcc_ex.o
 .debug_abbrev  0x00000000000018a7      0x325 ./Drivers/STM32H7xx_HAL_Driver/Src/stm32h7xx_hal_uart.o
 .debug_abbrev  0x0000000000001bcc      0x2bd ./Drivers/STM32H7xx_HAL_Driver/Src/stm32h7xx_hal_uart_ex.o
 .debug_abbrev  0x0000000000001e89      0x26c ../Drivers/CMSIS/Lib/GCC\libarm_cortexM7lfdp_math.a(arm_mat_inverse_f32.o)
 .debug_abbrev  0x00000000000020f5      0x1e7 ../Drivers/CMSIS/Lib/GCC\libarm_cortexM7lfdp_math.a(arm_mat_init_f32.o)

.debug_aranges  0x0000000000000000      0xc48
 .debug_aranges
                0x0000000000000000       0x50 ./Core/Src/main.o
 .debug_aranges
                0x0000000000000050       0x40 ./Core/Src/stm32h7xx_hal_msp.o
 .debug_aranges
                0x0000000000000090       0x60 ./Core/Src/stm32h7xx_it.o
 .debug_aranges
                0x00000000000000f0       0x28 ./Core/Src/system_stm32h7xx.o
 .debug_aranges
                0x0000000000000118       0x28 ./Core/Startup/startup_stm32h723zgtx.o
 .debug_aranges
                0x0000000000000140      0x1c8 ./Drivers/STM32H7xx_HAL_Driver/Src/stm32h7xx_hal.o
 .debug_aranges
                0x0000000000000308      0x120 ./Drivers/STM32H7xx_HAL_Driver/Src/stm32h7xx_hal_cortex.o
 .debug_aranges
                0x0000000000000428      0x1d8 ./Drivers/STM32H7xx_HAL_Driver/Src/stm32h7xx_hal_eth.o
 .debug_aranges
                0x0000000000000600       0x58 ./Drivers/STM32H7xx_HAL_Driver/Src/stm32h7xx_hal_gpio.o
 .debug_aranges
                0x0000000000000658      0x148 ./Drivers/STM32H7xx_HAL_Driver/Src/stm32h7xx_hal_pwr_ex.o
 .debug_aranges
                0x00000000000007a0       0x88 ./Drivers/STM32H7xx_HAL_Driver/Src/stm32h7xx_hal_rcc.o
 .debug_aranges
                0x0000000000000828       0xf8 ./Drivers/STM32H7xx_HAL_Driver/Src/stm32h7xx_hal_rcc_ex.o
 .debug_aranges
                0x0000000000000920      0x248 ./Drivers/STM32H7xx_HAL_Driver/Src/stm32h7xx_hal_uart.o
 .debug_aranges
                0x0000000000000b68       0xa0 ./Drivers/STM32H7xx_HAL_Driver/Src/stm32h7xx_hal_uart_ex.o
 .debug_aranges
                0x0000000000000c08       0x20 ../Drivers/CMSIS/Lib/GCC\libarm_cortexM7lfdp_math.a(arm_mat_inverse_f32.o)
 .debug_aranges
                0x0000000000000c28       0x20 ../Drivers/CMSIS/Lib/GCC\libarm_cortexM7lfdp_math.a(arm_mat_init_f32.o)

.debug_ranges   0x0000000000000000      0xb80
 .debug_ranges  0x0000000000000000       0x40 ./Core/Src/main.o
 .debug_ranges  0x0000000000000040       0x30 ./Core/Src/stm32h7xx_hal_msp.o
 .debug_ranges  0x0000000000000070       0x50 ./Core/Src/stm32h7xx_it.o
 .debug_ranges  0x00000000000000c0       0x18 ./Core/Src/system_stm32h7xx.o
 .debug_ranges  0x00000000000000d8       0x20 ./Core/Startup/startup_stm32h723zgtx.o
 .debug_ranges  0x00000000000000f8      0x1b8 ./Drivers/STM32H7xx_HAL_Driver/Src/stm32h7xx_hal.o
 .debug_ranges  0x00000000000002b0      0x110 ./Drivers/STM32H7xx_HAL_Driver/Src/stm32h7xx_hal_cortex.o
 .debug_ranges  0x00000000000003c0      0x1c8 ./Drivers/STM32H7xx_HAL_Driver/Src/stm32h7xx_hal_eth.o
 .debug_ranges  0x0000000000000588       0x48 ./Drivers/STM32H7xx_HAL_Driver/Src/stm32h7xx_hal_gpio.o
 .debug_ranges  0x00000000000005d0      0x138 ./Drivers/STM32H7xx_HAL_Driver/Src/stm32h7xx_hal_pwr_ex.o
 .debug_ranges  0x0000000000000708       0x78 ./Drivers/STM32H7xx_HAL_Driver/Src/stm32h7xx_hal_rcc.o
 .debug_ranges  0x0000000000000780       0xe8 ./Drivers/STM32H7xx_HAL_Driver/Src/stm32h7xx_hal_rcc_ex.o
 .debug_ranges  0x0000000000000868      0x268 ./Drivers/STM32H7xx_HAL_Driver/Src/stm32h7xx_hal_uart.o
 .debug_ranges  0x0000000000000ad0       0x90 ./Drivers/STM32H7xx_HAL_Driver/Src/stm32h7xx_hal_uart_ex.o
 .debug_ranges  0x0000000000000b60       0x10 ../Drivers/CMSIS/Lib/GCC\libarm_cortexM7lfdp_math.a(arm_mat_inverse_f32.o)
 .debug_ranges  0x0000000000000b70       0x10 ../Drivers/CMSIS/Lib/GCC\libarm_cortexM7lfdp_math.a(arm_mat_init_f32.o)

.debug_macro    0x0000000000000000    0x3220e
 .debug_macro   0x0000000000000000      0x306 ./Core/Src/main.o
 .debug_macro   0x0000000000000306      0xa96 ./Core/Src/main.o
 .debug_macro   0x0000000000000d9c      0x238 ./Core/Src/main.o
 .debug_macro   0x0000000000000fd4       0x2e ./Core/Src/main.o
 .debug_macro   0x0000000000001002       0x3b ./Core/Src/main.o
 .debug_macro   0x000000000000103d       0x22 ./Core/Src/main.o
 .debug_macro   0x000000000000105f       0x8e ./Core/Src/main.o
 .debug_macro   0x00000000000010ed       0x51 ./Core/Src/main.o
 .debug_macro   0x000000000000113e      0x103 ./Core/Src/main.o
 .debug_macro   0x0000000000001241       0x6a ./Core/Src/main.o
 .debug_macro   0x00000000000012ab      0x1df ./Core/Src/main.o
 .debug_macro   0x000000000000148a       0x1c ./Core/Src/main.o
 .debug_macro   0x00000000000014a6       0x22 ./Core/Src/main.o
 .debug_macro   0x00000000000014c8       0xfb ./Core/Src/main.o
 .debug_macro   0x00000000000015c3     0x1305 ./Core/Src/main.o
 .debug_macro   0x00000000000028c8      0x11f ./Core/Src/main.o
 .debug_macro   0x00000000000029e7       0x27 ./Core/Src/main.o
 .debug_macro   0x0000000000002a0e    0x211d1 ./Core/Src/main.o
 .debug_macro   0x0000000000023bdf       0x6d ./Core/Src/main.o
 .debug_macro   0x0000000000023c4c     0x3d0d ./Core/Src/main.o
 .debug_macro   0x0000000000027959      0x174 ./Core/Src/main.o
 .debug_macro   0x0000000000027acd       0x52 ./Core/Src/main.o
 .debug_macro   0x0000000000027b1f       0x1d ./Core/Src/main.o
 .debug_macro   0x0000000000027b3c       0x3c ./Core/Src/main.o
 .debug_macro   0x0000000000027b78       0x34 ./Core/Src/main.o
 .debug_macro   0x0000000000027bac       0x16 ./Core/Src/main.o
 .debug_macro   0x0000000000027bc2       0x43 ./Core/Src/main.o
 .debug_macro   0x0000000000027c05       0x34 ./Core/Src/main.o
 .debug_macro   0x0000000000027c39       0x10 ./Core/Src/main.o
 .debug_macro   0x0000000000027c49       0x58 ./Core/Src/main.o
 .debug_macro   0x0000000000027ca1       0x71 ./Core/Src/main.o
 .debug_macro   0x0000000000027d12       0x1c ./Core/Src/main.o
 .debug_macro   0x0000000000027d2e      0x12a ./Core/Src/main.o
 .debug_macro   0x0000000000027e58      0x341 ./Core/Src/main.o
 .debug_macro   0x0000000000028199      0x19b ./Core/Src/main.o
 .debug_macro   0x0000000000028334       0x5d ./Core/Src/main.o
 .debug_macro   0x0000000000028391     0x2462 ./Core/Src/main.o
 .debug_macro   0x000000000002a7f3     0x104f ./Core/Src/main.o
 .debug_macro   0x000000000002b842      0x14d ./Core/Src/main.o
 .debug_macro   0x000000000002b98f      0x114 ./Core/Src/main.o
 .debug_macro   0x000000000002baa3      0x3f8 ./Core/Src/main.o
 .debug_macro   0x000000000002be9b       0xac ./Core/Src/main.o
 .debug_macro   0x000000000002bf47      0x788 ./Core/Src/main.o
 .debug_macro   0x000000000002c6cf      0x228 ./Core/Src/main.o
 .debug_macro   0x000000000002c8f7       0x66 ./Core/Src/main.o
 .debug_macro   0x000000000002c95d      0x3a6 ./Core/Src/main.o
 .debug_macro   0x000000000002cd03      0xa80 ./Core/Src/main.o
 .debug_macro   0x000000000002d783      0x129 ./Core/Src/main.o
 .debug_macro   0x000000000002d8ac      0x3f9 ./Core/Src/main.o
 .debug_macro   0x000000000002dca5      0x275 ./Core/Src/main.o
 .debug_macro   0x000000000002df1a      0x3ca ./Core/Src/main.o
 .debug_macro   0x000000000002e2e4      0x45c ./Core/Src/main.o
 .debug_macro   0x000000000002e740       0x3c ./Core/Src/main.o
 .debug_macro   0x000000000002e77c       0x4a ./Core/Src/main.o
 .debug_macro   0x000000000002e7c6      0x22c ./Core/Src/main.o
 .debug_macro   0x000000000002e9f2       0x67 ./Core/Src/main.o
 .debug_macro   0x000000000002ea59       0xa5 ./Core/Src/main.o
 .debug_macro   0x000000000002eafe      0x1c4 ./Core/Src/main.o
 .debug_macro   0x000000000002ecc2      0x22a ./Core/Src/main.o
 .debug_macro   0x000000000002eeec       0x35 ./Core/Src/main.o
 .debug_macro   0x000000000002ef21      0x67e ./Core/Src/main.o
 .debug_macro   0x000000000002f59f       0xa6 ./Core/Src/main.o
 .debug_macro   0x000000000002f645      0x5e6 ./Core/Src/main.o
 .debug_macro   0x000000000002fc2b      0x130 ./Core/Src/main.o
 .debug_macro   0x000000000002fd5b       0x16 ./Core/Src/main.o
 .debug_macro   0x000000000002fd71       0x35 ./Core/Src/main.o
 .debug_macro   0x000000000002fda6       0x20 ./Core/Src/main.o
 .debug_macro   0x000000000002fdc6      0x201 ./Core/Src/main.o
 .debug_macro   0x000000000002ffc7       0xc8 ./Core/Src/main.o
 .debug_macro   0x000000000003008f      0x2b7 ./Core/Src/stm32h7xx_hal_msp.o
 .debug_macro   0x0000000000030346      0x2c1 ./Core/Src/stm32h7xx_it.o
 .debug_macro   0x0000000000030607      0x2a8 ./Core/Src/system_stm32h7xx.o
 .debug_macro   0x00000000000308af      0x2d2 ./Drivers/STM32H7xx_HAL_Driver/Src/stm32h7xx_hal.o
 .debug_macro   0x0000000000030b81      0x2a8 ./Drivers/STM32H7xx_HAL_Driver/Src/stm32h7xx_hal_cortex.o
 .debug_macro   0x0000000000030e29      0x33c ./Drivers/STM32H7xx_HAL_Driver/Src/stm32h7xx_hal_eth.o
 .debug_macro   0x0000000000031165      0x2af ./Drivers/STM32H7xx_HAL_Driver/Src/stm32h7xx_hal_gpio.o
 .debug_macro   0x0000000000031414      0x2e1 ./Drivers/STM32H7xx_HAL_Driver/Src/stm32h7xx_hal_pwr_ex.o
 .debug_macro   0x00000000000316f5      0x2cc ./Drivers/STM32H7xx_HAL_Driver/Src/stm32h7xx_hal_rcc.o
 .debug_macro   0x00000000000319c1      0x2c6 ./Drivers/STM32H7xx_HAL_Driver/Src/stm32h7xx_hal_rcc_ex.o
 .debug_macro   0x0000000000031c87      0x2d3 ./Drivers/STM32H7xx_HAL_Driver/Src/stm32h7xx_hal_uart.o
 .debug_macro   0x0000000000031f5a      0x2b4 ./Drivers/STM32H7xx_HAL_Driver/Src/stm32h7xx_hal_uart_ex.o

.debug_line     0x0000000000000000     0xfc09
 .debug_line    0x0000000000000000      0xa7e ./Core/Src/main.o
 .debug_line    0x0000000000000a7e      0x934 ./Core/Src/stm32h7xx_hal_msp.o
 .debug_line    0x00000000000013b2      0x90e ./Core/Src/stm32h7xx_it.o
 .debug_line    0x0000000000001cc0      0x9f0 ./Core/Src/system_stm32h7xx.o
 .debug_line    0x00000000000026b0       0x88 ./Core/Startup/startup_stm32h723zgtx.o
 .debug_line    0x0000000000002738      0xe8a ./Drivers/STM32H7xx_HAL_Driver/Src/stm32h7xx_hal.o
 .debug_line    0x00000000000035c2      0xdff ./Drivers/STM32H7xx_HAL_Driver/Src/stm32h7xx_hal_cortex.o
 .debug_line    0x00000000000043c1     0x1b3f ./Drivers/STM32H7xx_HAL_Driver/Src/stm32h7xx_hal_eth.o
 .debug_line    0x0000000000005f00      0xca8 ./Drivers/STM32H7xx_HAL_Driver/Src/stm32h7xx_hal_gpio.o
 .debug_line    0x0000000000006ba8      0xe6e ./Drivers/STM32H7xx_HAL_Driver/Src/stm32h7xx_hal_pwr_ex.o
 .debug_line    0x0000000000007a16     0x12ce ./Drivers/STM32H7xx_HAL_Driver/Src/stm32h7xx_hal_rcc.o
 .debug_line    0x0000000000008ce4     0x1a47 ./Drivers/STM32H7xx_HAL_Driver/Src/stm32h7xx_hal_rcc_ex.o
 .debug_line    0x000000000000a72b     0x3ec3 ./Drivers/STM32H7xx_HAL_Driver/Src/stm32h7xx_hal_uart.o
 .debug_line    0x000000000000e5ee      0xed7 ./Drivers/STM32H7xx_HAL_Driver/Src/stm32h7xx_hal_uart_ex.o
 .debug_line    0x000000000000f4c5      0x4eb ../Drivers/CMSIS/Lib/GCC\libarm_cortexM7lfdp_math.a(arm_mat_inverse_f32.o)
 .debug_line    0x000000000000f9b0      0x259 ../Drivers/CMSIS/Lib/GCC\libarm_cortexM7lfdp_math.a(arm_mat_init_f32.o)

.debug_str      0x0000000000000000   0x146b3c
 .debug_str     0x0000000000000000   0x141d0e ./Core/Src/main.o
                                     0x142308 (size before relaxing)
 .debug_str     0x0000000000141d0e      0x374 ./Core/Src/stm32h7xx_hal_msp.o
                                     0x141561 (size before relaxing)
 .debug_str     0x0000000000142082       0xc9 ./Core/Src/stm32h7xx_it.o
                                     0x140132 (size before relaxing)
 .debug_str     0x000000000014214b      0x29a ./Core/Src/system_stm32h7xx.o
                                     0x140084 (size before relaxing)
 .debug_str     0x00000000001423e5       0x36 ./Core/Startup/startup_stm32h723zgtx.o
                                         0x7d (size before relaxing)
 .debug_str     0x000000000014241b     0x1112 ./Drivers/STM32H7xx_HAL_Driver/Src/stm32h7xx_hal.o
                                     0x14110e (size before relaxing)
 .debug_str     0x000000000014352d      0x35a ./Drivers/STM32H7xx_HAL_Driver/Src/stm32h7xx_hal_cortex.o
                                     0x1409f0 (size before relaxing)
 .debug_str     0x0000000000143887     0x10b6 ./Drivers/STM32H7xx_HAL_Driver/Src/stm32h7xx_hal_eth.o
                                     0x141a1f (size before relaxing)
 .debug_str     0x000000000014493d       0xec ./Drivers/STM32H7xx_HAL_Driver/Src/stm32h7xx_hal_gpio.o
                                     0x1400cf (size before relaxing)
 .debug_str     0x0000000000144a29      0x5e7 ./Drivers/STM32H7xx_HAL_Driver/Src/stm32h7xx_hal_pwr_ex.o
                                     0x1404d7 (size before relaxing)
 .debug_str     0x0000000000145010      0x21a ./Drivers/STM32H7xx_HAL_Driver/Src/stm32h7xx_hal_rcc.o
                                     0x140452 (size before relaxing)
 .debug_str     0x000000000014522a      0x64b ./Drivers/STM32H7xx_HAL_Driver/Src/stm32h7xx_hal_rcc_ex.o
                                     0x140941 (size before relaxing)
 .debug_str     0x0000000000145875      0xa8a ./Drivers/STM32H7xx_HAL_Driver/Src/stm32h7xx_hal_uart.o
                                     0x140fca (size before relaxing)
 .debug_str     0x00000000001462ff      0x247 ./Drivers/STM32H7xx_HAL_Driver/Src/stm32h7xx_hal_uart_ex.o
                                     0x140570 (size before relaxing)
 .debug_str     0x0000000000146546      0x5b7 ../Drivers/CMSIS/Lib/GCC\libarm_cortexM7lfdp_math.a(arm_mat_inverse_f32.o)
                                        0x7c8 (size before relaxing)
 .debug_str     0x0000000000146afd       0x3f ../Drivers/CMSIS/Lib/GCC\libarm_cortexM7lfdp_math.a(arm_mat_init_f32.o)
                                        0x693 (size before relaxing)

.comment        0x0000000000000000       0xc5
 .comment       0x0000000000000000       0x50 ./Core/Src/main.o
                                         0x51 (size before relaxing)
 .comment       0x0000000000000050       0x51 ./Core/Src/stm32h7xx_hal_msp.o
 .comment       0x0000000000000050       0x51 ./Core/Src/stm32h7xx_it.o
 .comment       0x0000000000000050       0x51 ./Core/Src/system_stm32h7xx.o
 .comment       0x0000000000000050       0x51 ./Drivers/STM32H7xx_HAL_Driver/Src/stm32h7xx_hal.o
 .comment       0x0000000000000050       0x51 ./Drivers/STM32H7xx_HAL_Driver/Src/stm32h7xx_hal_cortex.o
 .comment       0x0000000000000050       0x51 ./Drivers/STM32H7xx_HAL_Driver/Src/stm32h7xx_hal_eth.o
 .comment       0x0000000000000050       0x51 ./Drivers/STM32H7xx_HAL_Driver/Src/stm32h7xx_hal_gpio.o
 .comment       0x0000000000000050       0x51 ./Drivers/STM32H7xx_HAL_Driver/Src/stm32h7xx_hal_pwr_ex.o
 .comment       0x0000000000000050       0x51 ./Drivers/STM32H7xx_HAL_Driver/Src/stm32h7xx_hal_rcc.o
 .comment       0x0000000000000050       0x51 ./Drivers/STM32H7xx_HAL_Driver/Src/stm32h7xx_hal_rcc_ex.o
 .comment       0x0000000000000050       0x51 ./Drivers/STM32H7xx_HAL_Driver/Src/stm32h7xx_hal_uart.o
 .comment       0x0000000000000050       0x51 ./Drivers/STM32H7xx_HAL_Driver/Src/stm32h7xx_hal_uart_ex.o
 .comment       0x0000000000000050       0x75 ../Drivers/CMSIS/Lib/GCC\libarm_cortexM7lfdp_math.a(arm_mat_inverse_f32.o)
                                         0x76 (size before relaxing)
 .comment       0x00000000000000c5       0x76 ../Drivers/CMSIS/Lib/GCC\libarm_cortexM7lfdp_math.a(arm_mat_init_f32.o)

.debug_frame    0x0000000000000000     0x3284
 .debug_frame   0x0000000000000000       0xe8 ./Core/Src/main.o
 .debug_frame   0x00000000000000e8       0xcc ./Core/Src/stm32h7xx_hal_msp.o
 .debug_frame   0x00000000000001b4      0x104 ./Core/Src/stm32h7xx_it.o
 .debug_frame   0x00000000000002b8       0x58 ./Core/Src/system_stm32h7xx.o
 .debug_frame   0x0000000000000310      0x760 ./Drivers/STM32H7xx_HAL_Driver/Src/stm32h7xx_hal.o
 .debug_frame   0x0000000000000a70      0x4b8 ./Drivers/STM32H7xx_HAL_Driver/Src/stm32h7xx_hal_cortex.o
 .debug_frame   0x0000000000000f28      0x898 ./Drivers/STM32H7xx_HAL_Driver/Src/stm32h7xx_hal_eth.o
 .debug_frame   0x00000000000017c0      0x14c ./Drivers/STM32H7xx_HAL_Driver/Src/stm32h7xx_hal_gpio.o
 .debug_frame   0x000000000000190c      0x540 ./Drivers/STM32H7xx_HAL_Driver/Src/stm32h7xx_hal_pwr_ex.o
 .debug_frame   0x0000000000001e4c      0x1fc ./Drivers/STM32H7xx_HAL_Driver/Src/stm32h7xx_hal_rcc.o
 .debug_frame   0x0000000000002048      0x3f4 ./Drivers/STM32H7xx_HAL_Driver/Src/stm32h7xx_hal_rcc_ex.o
 .debug_frame   0x000000000000243c      0xa94 ./Drivers/STM32H7xx_HAL_Driver/Src/stm32h7xx_hal_uart.o
 .debug_frame   0x0000000000002ed0      0x29c ./Drivers/STM32H7xx_HAL_Driver/Src/stm32h7xx_hal_uart_ex.o
 .debug_frame   0x000000000000316c       0x4c ../Drivers/CMSIS/Lib/GCC\libarm_cortexM7lfdp_math.a(arm_mat_inverse_f32.o)
 .debug_frame   0x00000000000031b8       0x20 ../Drivers/CMSIS/Lib/GCC\libarm_cortexM7lfdp_math.a(arm_mat_init_f32.o)
 .debug_frame   0x00000000000031d8       0x2c c:/st/stm32cubeide_1.10.1/stm32cubeide/plugins/com.st.stm32cube.ide.mcu.externaltools.gnu-tools-for-stm32.10.3-2021.10.win32_1.0.0.202111181127/tools/bin/../lib/gcc/arm-none-eabi/10.3.1/../../../../arm-none-eabi/lib/thumb/v7e-m+dp/hard\libc_nano.a(lib_a-init.o)
 .debug_frame   0x0000000000003204       0x20 c:/st/stm32cubeide_1.10.1/stm32cubeide/plugins/com.st.stm32cube.ide.mcu.externaltools.gnu-tools-for-stm32.10.3-2021.10.win32_1.0.0.202111181127/tools/bin/../lib/gcc/arm-none-eabi/10.3.1/../../../../arm-none-eabi/lib/thumb/v7e-m+dp/hard\libc_nano.a(lib_a-memset.o)
 .debug_frame   0x0000000000003224       0x2c c:/st/stm32cubeide_1.10.1/stm32cubeide/plugins/com.st.stm32cube.ide.mcu.externaltools.gnu-tools-for-stm32.10.3-2021.10.win32_1.0.0.202111181127/tools/bin/../lib/gcc/arm-none-eabi/10.3.1/thumb/v7e-m+dp/hard\libgcc.a(_aeabi_uldivmod.o)
 .debug_frame   0x0000000000003250       0x34 c:/st/stm32cubeide_1.10.1/stm32cubeide/plugins/com.st.stm32cube.ide.mcu.externaltools.gnu-tools-for-stm32.10.3-2021.10.win32_1.0.0.202111181127/tools/bin/../lib/gcc/arm-none-eabi/10.3.1/thumb/v7e-m+dp/hard\libgcc.a(_udivmoddi4.o)

.debug_loc      0x0000000000000000      0x81e
 .debug_loc     0x0000000000000000      0x81e ../Drivers/CMSIS/Lib/GCC\libarm_cortexM7lfdp_math.a(arm_mat_inverse_f32.o)
